C:\Users\PC\Desktop\PROJECT\biteSpeed\node_modules\@prisma\client\src\runtime\getPrismaClient.ts:260
        throw new PrismaClientInitializationError(
              ^
PrismaClientInitializationError: `PrismaClient` needs to be constructed with a non-empty, valid `PrismaClientOptions`:

```
new PrismaClient({
  ...
})
```

or

```
constructor() {
  super({ ... });
}
```
          
    at new t (C:\Users\PC\Desktop\PROJECT\biteSpeed\node_modules\@prisma\client\src\runtime\getPrismaClient.ts:260:15)
    at Object.<anonymous> (C:\Users\PC\Desktop\PROJECT\biteSpeed\src\index.ts:7:16)
    at Module._compile (node:internal/modules/cjs/loader:1554:14)
    at Module.m._compile (C:\Users\PC\Desktop\PROJECT\biteSpeed\node_modules\ts-node\src\index.ts:1618:23)
    at node:internal/modules/cjs/loader:1706:10
    at Object.require.extensions.<computed> [as .ts] (C:\Users\PC\Desktop\PROJECT\biteSpeed\node_modules\ts-node\src\index.ts:1621:12)
    at Module.load (node:internal/modules/cjs/loader:1289:32)
    at Function._load (node:internal/modules/cjs/loader:1108:12)
    at TracingChannel.traceSync (node:diagnostics_channel:322:14)
    at wrapModuleLoad (node:internal/modules/cjs/loader:220:24) {
  clientVersion: '7.4.1',
  errorCode: undefined,
  retryable: undefined
}
